#-----------------------------------------------------------
# Vivado v2024.2.2 (64-bit)
# SW Build 6060944 on Thu Mar 06 19:10:01 MST 2025
# IP Build 6050500 on Thu Mar  6 23:33:39 MST 2025
# SharedData Build 6060542 on Thu Mar 06 10:31:07 MST 2025
# Start of session at: Fri May 30 15:07:48 2025
# Process ID         : 21004
# Current directory  : D:/ECE/2-1/Vivado Projects/vending_machine
# Command line       : vivado.exe -gui_launcher_event rodinguilauncherevent18272 D:\ECE\2-1\Vivado Projects\vending_machine\vending_machine.xpr
# Log file           : D:/ECE/2-1/Vivado Projects/vending_machine/vivado.log
# Journal file       : D:/ECE/2-1/Vivado Projects/vending_machine\vivado.jou
# Running On         : Mi_NB_Ultra
# Platform           : Windows Server 2016 or Windows 10
# Operating System   : 26100
# Processor Detail   : 11th Gen Intel(R) Core(TM) i5-11320H @ 3.20GHz
# CPU Frequency      : 3187 MHz
# CPU Physical cores : 4
# CPU Logical cores  : 8
# Host memory        : 16952 MB
# Swap memory        : 2550 MB
# Total Virtual      : 19502 MB
# Available Virtual  : 6557 MB
#-----------------------------------------------------------
start_gui
open_project {D:/ECE/2-1/Vivado Projects/vending_machine/vending_machine.xpr}
update_compile_order -fileset sources_1
